[22-Jan-2025 10:39:42 UTC] PHP Parse error:  syntax error, unexpected variable "$page", expecting "," or ";" in /home/v/vlad1995ma/tirodilsya/public_html/wp-content/themes/ti-rodilsya/index.php on line 7
[22-Jan-2025 10:41:10 UTC] PHP Parse error:  syntax error, unexpected variable "$page", expecting "," or ";" in /home/v/vlad1995ma/tirodilsya/public_html/wp-content/themes/ti-rodilsya/index.php on line 7
[22-Jan-2025 10:42:37 UTC] PHP Parse error:  syntax error, unexpected variable "$page", expecting "," or ";" in /home/v/vlad1995ma/tirodilsya/public_html/wp-content/themes/ti-rodilsya/index.php on line 7
[22-Jan-2025 10:42:43 UTC] PHP Deprecated:  Файл Тема без header.php с версии 3.0.0 <strong>считается устаревшим</strong>. Альтернативы не предусмотрено. Пожалуйста, включите шаблон header.php в вашу тему. in /home/v/vlad1995ma/tirodilsya/public_html/wp-includes/functions.php on line 6114
[22-Jan-2025 10:42:43 UTC] PHP Deprecated:  Файл Тема без footer.php с версии 3.0.0 <strong>считается устаревшим</strong>. Альтернативы не предусмотрено. Пожалуйста, включите шаблон footer.php в вашу тему. in /home/v/vlad1995ma/tirodilsya/public_html/wp-includes/functions.php on line 6114
[22-Jan-2025 10:43:09 UTC] PHP Deprecated:  Файл Тема без header.php с версии 3.0.0 <strong>считается устаревшим</strong>. Альтернативы не предусмотрено. Пожалуйста, включите шаблон header.php в вашу тему. in /home/v/vlad1995ma/tirodilsya/public_html/wp-includes/functions.php on line 6114
[22-Jan-2025 10:43:09 UTC] PHP Deprecated:  Файл Тема без footer.php с версии 3.0.0 <strong>считается устаревшим</strong>. Альтернативы не предусмотрено. Пожалуйста, включите шаблон footer.php в вашу тему. in /home/v/vlad1995ma/tirodilsya/public_html/wp-includes/functions.php on line 6114
[22-Jan-2025 10:43:31 UTC] PHP Deprecated:  Файл Тема без header.php с версии 3.0.0 <strong>считается устаревшим</strong>. Альтернативы не предусмотрено. Пожалуйста, включите шаблон header.php в вашу тему. in /home/v/vlad1995ma/tirodilsya/public_html/wp-includes/functions.php on line 6114
[22-Jan-2025 10:43:31 UTC] PHP Deprecated:  Файл Тема без footer.php с версии 3.0.0 <strong>считается устаревшим</strong>. Альтернативы не предусмотрено. Пожалуйста, включите шаблон footer.php в вашу тему. in /home/v/vlad1995ma/tirodilsya/public_html/wp-includes/functions.php on line 6114
[22-Jan-2025 10:43:47 UTC] PHP Deprecated:  Файл Тема без header.php с версии 3.0.0 <strong>считается устаревшим</strong>. Альтернативы не предусмотрено. Пожалуйста, включите шаблон header.php в вашу тему. in /home/v/vlad1995ma/tirodilsya/public_html/wp-includes/functions.php on line 6114
[22-Jan-2025 10:43:47 UTC] PHP Deprecated:  Файл Тема без footer.php с версии 3.0.0 <strong>считается устаревшим</strong>. Альтернативы не предусмотрено. Пожалуйста, включите шаблон footer.php в вашу тему. in /home/v/vlad1995ma/tirodilsya/public_html/wp-includes/functions.php on line 6114
[22-Jan-2025 10:43:49 UTC] PHP Deprecated:  Файл Тема без header.php с версии 3.0.0 <strong>считается устаревшим</strong>. Альтернативы не предусмотрено. Пожалуйста, включите шаблон header.php в вашу тему. in /home/v/vlad1995ma/tirodilsya/public_html/wp-includes/functions.php on line 6114
[22-Jan-2025 10:43:49 UTC] PHP Deprecated:  Файл Тема без footer.php с версии 3.0.0 <strong>считается устаревшим</strong>. Альтернативы не предусмотрено. Пожалуйста, включите шаблон footer.php в вашу тему. in /home/v/vlad1995ma/tirodilsya/public_html/wp-includes/functions.php on line 6114
[22-Jan-2025 11:05:51 UTC] PHP Deprecated:  Файл Тема без footer.php с версии 3.0.0 <strong>считается устаревшим</strong>. Альтернативы не предусмотрено. Пожалуйста, включите шаблон footer.php в вашу тему. in /home/v/vlad1995ma/tirodilsya/public_html/wp-includes/functions.php on line 6114
[22-Jan-2025 11:10:42 UTC] PHP Deprecated:  Файл Тема без footer.php с версии 3.0.0 <strong>считается устаревшим</strong>. Альтернативы не предусмотрено. Пожалуйста, включите шаблон footer.php в вашу тему. in /home/v/vlad1995ma/tirodilsya/public_html/wp-includes/functions.php on line 6114
[22-Jan-2025 11:10:43 UTC] PHP Deprecated:  Файл Тема без footer.php с версии 3.0.0 <strong>считается устаревшим</strong>. Альтернативы не предусмотрено. Пожалуйста, включите шаблон footer.php в вашу тему. in /home/v/vlad1995ma/tirodilsya/public_html/wp-includes/functions.php on line 6114
[22-Jan-2025 11:10:43 UTC] PHP Deprecated:  Файл Тема без footer.php с версии 3.0.0 <strong>считается устаревшим</strong>. Альтернативы не предусмотрено. Пожалуйста, включите шаблон footer.php в вашу тему. in /home/v/vlad1995ma/tirodilsya/public_html/wp-includes/functions.php on line 6114
[22-Jan-2025 11:10:43 UTC] PHP Deprecated:  Файл Тема без footer.php с версии 3.0.0 <strong>считается устаревшим</strong>. Альтернативы не предусмотрено. Пожалуйста, включите шаблон footer.php в вашу тему. in /home/v/vlad1995ma/tirodilsya/public_html/wp-includes/functions.php on line 6114
[22-Jan-2025 11:16:41 UTC] PHP Deprecated:  Файл Тема без footer.php с версии 3.0.0 <strong>считается устаревшим</strong>. Альтернативы не предусмотрено. Пожалуйста, включите шаблон footer.php в вашу тему. in /home/v/vlad1995ma/tirodilsya/public_html/wp-includes/functions.php on line 6114
[22-Jan-2025 11:16:45 UTC] PHP Deprecated:  Файл Тема без footer.php с версии 3.0.0 <strong>считается устаревшим</strong>. Альтернативы не предусмотрено. Пожалуйста, включите шаблон footer.php в вашу тему. in /home/v/vlad1995ma/tirodilsya/public_html/wp-includes/functions.php on line 6114
[22-Jan-2025 11:16:45 UTC] PHP Deprecated:  Файл Тема без footer.php с версии 3.0.0 <strong>считается устаревшим</strong>. Альтернативы не предусмотрено. Пожалуйста, включите шаблон footer.php в вашу тему. in /home/v/vlad1995ma/tirodilsya/public_html/wp-includes/functions.php on line 6114
[22-Jan-2025 11:16:46 UTC] PHP Deprecated:  Файл Тема без footer.php с версии 3.0.0 <strong>считается устаревшим</strong>. Альтернативы не предусмотрено. Пожалуйста, включите шаблон footer.php в вашу тему. in /home/v/vlad1995ma/tirodilsya/public_html/wp-includes/functions.php on line 6114
[22-Jan-2025 11:16:46 UTC] PHP Deprecated:  Файл Тема без footer.php с версии 3.0.0 <strong>считается устаревшим</strong>. Альтернативы не предусмотрено. Пожалуйста, включите шаблон footer.php в вашу тему. in /home/v/vlad1995ma/tirodilsya/public_html/wp-includes/functions.php on line 6114
[22-Jan-2025 11:16:48 UTC] PHP Deprecated:  Файл Тема без footer.php с версии 3.0.0 <strong>считается устаревшим</strong>. Альтернативы не предусмотрено. Пожалуйста, включите шаблон footer.php в вашу тему. in /home/v/vlad1995ma/tirodilsya/public_html/wp-includes/functions.php on line 6114
[22-Jan-2025 11:16:49 UTC] PHP Deprecated:  Файл Тема без footer.php с версии 3.0.0 <strong>считается устаревшим</strong>. Альтернативы не предусмотрено. Пожалуйста, включите шаблон footer.php в вашу тему. in /home/v/vlad1995ma/tirodilsya/public_html/wp-includes/functions.php on line 6114
[22-Jan-2025 11:16:50 UTC] PHP Deprecated:  Файл Тема без footer.php с версии 3.0.0 <strong>считается устаревшим</strong>. Альтернативы не предусмотрено. Пожалуйста, включите шаблон footer.php в вашу тему. in /home/v/vlad1995ma/tirodilsya/public_html/wp-includes/functions.php on line 6114
[22-Jan-2025 11:16:50 UTC] PHP Deprecated:  Файл Тема без footer.php с версии 3.0.0 <strong>считается устаревшим</strong>. Альтернативы не предусмотрено. Пожалуйста, включите шаблон footer.php в вашу тему. in /home/v/vlad1995ma/tirodilsya/public_html/wp-includes/functions.php on line 6114
[22-Jan-2025 11:16:50 UTC] PHP Deprecated:  Файл Тема без footer.php с версии 3.0.0 <strong>считается устаревшим</strong>. Альтернативы не предусмотрено. Пожалуйста, включите шаблон footer.php в вашу тему. in /home/v/vlad1995ma/tirodilsya/public_html/wp-includes/functions.php on line 6114
[22-Jan-2025 11:20:19 UTC] PHP Deprecated:  Файл Тема без footer.php с версии 3.0.0 <strong>считается устаревшим</strong>. Альтернативы не предусмотрено. Пожалуйста, включите шаблон footer.php в вашу тему. in /home/v/vlad1995ma/tirodilsya/public_html/wp-includes/functions.php on line 6114
[22-Jan-2025 11:20:19 UTC] PHP Deprecated:  Файл Тема без footer.php с версии 3.0.0 <strong>считается устаревшим</strong>. Альтернативы не предусмотрено. Пожалуйста, включите шаблон footer.php в вашу тему. in /home/v/vlad1995ma/tirodilsya/public_html/wp-includes/functions.php on line 6114
[22-Jan-2025 11:20:20 UTC] PHP Deprecated:  Файл Тема без footer.php с версии 3.0.0 <strong>считается устаревшим</strong>. Альтернативы не предусмотрено. Пожалуйста, включите шаблон footer.php в вашу тему. in /home/v/vlad1995ma/tirodilsya/public_html/wp-includes/functions.php on line 6114
[22-Jan-2025 11:20:20 UTC] PHP Deprecated:  Файл Тема без footer.php с версии 3.0.0 <strong>считается устаревшим</strong>. Альтернативы не предусмотрено. Пожалуйста, включите шаблон footer.php в вашу тему. in /home/v/vlad1995ma/tirodilsya/public_html/wp-includes/functions.php on line 6114
[22-Jan-2025 11:20:21 UTC] PHP Deprecated:  Файл Тема без footer.php с версии 3.0.0 <strong>считается устаревшим</strong>. Альтернативы не предусмотрено. Пожалуйста, включите шаблон footer.php в вашу тему. in /home/v/vlad1995ma/tirodilsya/public_html/wp-includes/functions.php on line 6114
[22-Jan-2025 11:20:23 UTC] PHP Deprecated:  Файл Тема без footer.php с версии 3.0.0 <strong>считается устаревшим</strong>. Альтернативы не предусмотрено. Пожалуйста, включите шаблон footer.php в вашу тему. in /home/v/vlad1995ma/tirodilsya/public_html/wp-includes/functions.php on line 6114
[22-Jan-2025 18:31:07 UTC] Automatic updates starting...
[22-Jan-2025 18:31:08 UTC] Automatic updates complete.
[22-Jan-2025 20:06:57 UTC] PHP Warning:  Attempt to read property "title" on null in /home/v/vlad1995ma/tirodilsya/public_html/wp-includes/class-wp-customize-widgets.php on line 923
[23-Jan-2025 06:53:39 UTC] Automatic updates starting...
[23-Jan-2025 06:53:40 UTC] Automatic updates complete.
[23-Jan-2025 08:24:55 UTC] PHP Deprecated:  strcasecmp(): Passing null to parameter #1 ($string1) of type string is deprecated in /home/v/vlad1995ma/tirodilsya/public_html/wp-content/plugins/miniorange-login-openid/mo-openid-social-login-functions.php on line 474
[23-Jan-2025 08:44:48 UTC] PHP Fatal error:  Uncaught TypeError: Cannot access offset of type string on string in /home/v/vlad1995ma/tirodilsya/public_html/wp-content/plugins/miniorange-login-openid/social_apps/google.php:45
Stack trace:
#0 /home/v/vlad1995ma/tirodilsya/public_html/wp-content/plugins/miniorange-login-openid/mo-openid-social-login-functions.php(96): mo_google->mo_openid_get_access_token()
#1 /home/v/vlad1995ma/tirodilsya/public_html/wp-content/plugins/miniorange-login-openid/class-mo-openid-login-widget.php(1503): mo_openid_process_custom_app_callback()
#2 /home/v/vlad1995ma/tirodilsya/public_html/wp-includes/class-wp-hook.php(324): mo_openid_login_validate('')
#3 /home/v/vlad1995ma/tirodilsya/public_html/wp-includes/class-wp-hook.php(348): WP_Hook->apply_filters(NULL, Array)
#4 /home/v/vlad1995ma/tirodilsya/public_html/wp-includes/plugin.php(517): WP_Hook->do_action(Array)
#5 /home/v/vlad1995ma/tirodilsya/public_html/wp-settings.php(704): do_action('init')
#6 /home/v/vlad1995ma/tirodilsya/public_html/wp-config.php(105): require_once('/home/v/vlad199...')
#7 /home/v/vlad1995ma/tirodilsya/public_html/wp-load.php(50): require_once('/home/v/vlad199...')
#8 /home/v/vlad1995ma/tirodilsya/public_html/wp-blog-header.php(13): require_once('/home/v/vlad199...')
#9 /home/v/vlad1995ma/tirodilsya/public_html/index.php(17): require('/home/v/vlad199...')
#10 {main}
  thrown in /home/v/vlad1995ma/tirodilsya/public_html/wp-content/plugins/miniorange-login-openid/social_apps/google.php on line 45
[23-Jan-2025 09:14:26 UTC] PHP Warning:  Attempt to read property "title" on null in /home/v/vlad1995ma/tirodilsya/public_html/wp-includes/class-wp-customize-widgets.php on line 923
[23-Jan-2025 10:14:40 UTC] PHP Parse error:  syntax error, unexpected token ";" in /home/v/vlad1995ma/tirodilsya/public_html/wp-content/themes/ti-rodilsya/pages/page-login.php on line 28
[23-Jan-2025 10:16:41 UTC] PHP Parse error:  syntax error, unexpected token ";" in /home/v/vlad1995ma/tirodilsya/public_html/wp-content/themes/ti-rodilsya/pages/page-login.php on line 28
